2026-08-16 13:02:11 | INFO | PENGUINS-BODY-MASS | === RUN START ===
2026-08-16 13:02:11 | INFO | PENGUINS-BODY-MASS | project=PENGUINS BODY MASS
2026-08-16 13:02:11 | INFO | PENGUINS-BODY-MASS | repo_dir=penguins-body-mass
2026-08-16 13:02:11 | INFO | PENGUINS-BODY-MASS | python=3.14.7
2026-08-16 13:02:11 | INFO | PENGUINS-BODY-MASS | os=Windows 11
2026-08-16 13:02:11 | INFO | PENGUINS-BODY-MASS | shell=powershell
2026-08-16 13:02:11 | INFO | PENGUINS-BODY-MASS | cwd=.
2026-08-16 13:02:11 | INFO | PENGUINS-BODY-MASS | github_actions=False
2026-08-16 13:02:11 | INFO | PENGUINS-BODY-MASS | one penguin | supervised | regression
2026-08-16 13:02:11 | INFO | PENGUINS-BODY-MASS | Loaded 344 rows and 7 columns
2026-08-16 13:02:11 | INFO | PENGUINS-BODY-MASS | Target: body_mass_g
2026-08-16 13:02:11 | INFO | PENGUINS-BODY-MASS | Available features: ('species', 'island', 'bill_length_mm', 'bill_depth_mm', 'flipper_length_mm', 'sex')
2026-08-16 13:02:11 | INFO | PENGUINS-BODY-MASS | Selected features: ('flipper_length_mm',)
2026-08-16 13:02:11 | INFO | PENGUINS-BODY-MASS | Modeling on 342 of 344 rows (drop)
2026-08-16 13:02:11 | INFO | PENGUINS-BODY-MASS | Train: 273 | Test: 69
2026-08-16 13:02:11 | INFO | PENGUINS-BODY-MASS | Baseline: {'r2': -0.010245413956642802, 'mae': 693.1517757604715, 'rmse': 819.5916333506267}
2026-08-16 13:02:11 | INFO | PENGUINS-BODY-MASS | Candidate: {'r2': 0.7820354165340795, 'mae': 315.85971744954526, 'rmse': 380.6948821734537}
2026-08-16 13:02:12 | INFO | PENGUINS-BODY-MASS | Saved figure: docs\images\actual-vs-predicted.png
2026-08-16 13:02:12 | INFO | PENGUINS-BODY-MASS | Saved figure: docs\images\residuals.png
2026-08-16 13:02:12 | INFO | PENGUINS-BODY-MASS | Saved figure: docs\images\model-comparison.png
2026-08-16 13:02:12 | INFO | PENGUINS-BODY-MASS | Assessment: Linear regression outperformed the mean baseline on the held-out test observations.
2026-08-16 13:02:12 | INFO | PENGUINS-BODY-MASS | Close chart windows to continue.
